linux上安装Git：
Debian或Ubuntu Linux，通过一条sudo apt-get install git就可以直接完成Git的安装；老一点的Debian或Ubuntu Linux，要把命令改为sudo apt-get install git-core；

在Mac OS X上安装Git：
从AppStore安装Xcode，Xcode集成了Git，不过默认没有安装，你需要运行Xcode，选择菜单“Xcode”->“Preferences”，在弹出窗口中找到“Downloads”，选择“Command Line Tools”，点“Install”就可以完成安装了；

在Windows上安装Git：
msysgit是Windows版的Git，按默认选项安装即可；
安装完成后，在开始菜单里找到“Git”->“Git Bash”，蹦出一个类似命令行窗口的东西，就说明Git安装成功！
$ git config --global user.name "Your Name"
$ git config --global user.email "email@example.com"
注意git config命令的--global参数，用了这个参数，表示你这台机器上所有的Git仓库都会使用这个配置，当然也可以对某个仓库指定不同的用户名和Email地址。

版本库又名仓库，英文名repository：
创建版本库：
首先，选择一个合适的地方，创建一个空目录：
$ mkdir learngit
$ cd learngit
$ pwd
/Users/michael/learngit
pwd命令用于显示当前目录。在我的Mac上，这个仓库位于/Users/michael/learngit。
如果你使用Windows系统，为了避免遇到各种莫名其妙的问题，请确保目录名（包括父目录）不包含中文。
第二步，通过git init命令把这个目录变成Git可以管理的仓库：
$ git init
Initialized empty Git repository in /Users/michael/learngit/.git/
瞬间Git就把仓库建好了，而且告诉你是一个空的仓库（empty Git repository），细心的读者可以发现当前目录下多了一个.git的目录，这个目录是Git来跟踪管理版本库的，没事千万不要手动修改这个目录里面的文件，不然改乱了，就把Git仓库给破坏了。
如果你没有看到.git目录，那是因为这个目录默认是隐藏的，用ls -ah命令就可以看见。

把文件添加到版本库：
我们编写一个readme.txt文件，内容如下：
Git is a version control system.
Git is free software.
一定要放到learngit目录下（子目录也行），因为这是一个Git仓库，放到其他地方Git再厉害也找不到这个文件。
和把大象放到冰箱需要3步相比，把一个文件放到Git仓库只需要两步。
第一步，用命令git add告诉Git，把文件添加到仓库：
$ git add readme.txt
执行上面的命令，没有任何显示，这就对了，Unix的哲学是“没有消息就是好消息”，说明添加成功。
第二步，用命令git commit告诉Git，把文件提交到仓库：
$ git commit -m "wrote a readme file"
[master (root-commit) cb926e7] wrote a readme file
 1 file changed, 2 insertions(+)
 create mode 100644 readme.txt

创建版本库

阅读: 1859225


什么是版本库呢？版本库又名仓库，英文名repository，你可以简单理解成一个目录，这个目录里面的所有文件都可以被Git管理起来，每个文件的修改、删除，Git都能跟踪，以便任何时刻都可以追踪历史，或者在将来某个时刻可以“还原”。

所以，创建一个版本库非常简单，首先，选择一个合适的地方，创建一个空目录：

$ mkdir learngit
$ cd learngit
$ pwd
/Users/michael/learngit

pwd命令用于显示当前目录。在我的Mac上，这个仓库位于/Users/michael/learngit。

如果你使用Windows系统，为了避免遇到各种莫名其妙的问题，请确保目录名（包括父目录）不包含中文。

第二步，通过git init命令把这个目录变成Git可以管理的仓库：

$ git init
Initialized empty Git repository in /Users/michael/learngit/.git/

瞬间Git就把仓库建好了，而且告诉你是一个空的仓库（empty Git repository），细心的读者可以发现当前目录下多了一个.git的目录，这个目录是Git来跟踪管理版本库的，没事千万不要手动修改这个目录里面的文件，不然改乱了，就把Git仓库给破坏了。

如果你没有看到.git目录，那是因为这个目录默认是隐藏的，用ls -ah命令就可以看见。

   也不一定必须在空目录下创建Git仓库，选择一个已经有东西的目录也是可以的。不过，不建议你使用自己正在开发的公司项目来学习Git，否则造成的一切后果概不负责。


把文件添加到版本库
首先这里再明确一下，所有的版本控制系统，其实只能跟踪文本文件的改动，比如TXT文件，网页，所有的程序代码等等，Git也不例外。版本控制系统可以告诉你每次的改动，比如在第5行加了一个单词“Linux”，在第8行删了一个单词“Windows”。而图片、视频这些二进制文件，虽然也能由版本控制系统管理，但没法跟踪文件的变化，只能把二进制文件每次改动串起来，也就是只知道图片从100KB改成了120KB，但到底改了啥，版本控制系统不知道，也没法知道。

不幸的是，Microsoft的Word格式是二进制格式，因此，版本控制系统是没法跟踪Word文件的改动的，前面我们举的例子只是为了演示，如果要真正使用版本控制系统，就要以纯文本方式编写文件。

因为文本是有编码的，比如中文有常用的GBK编码，日文有Shift_JIS编码，如果没有历史遗留问题，强烈建议使用标准的UTF-8编码，所有语言使用同一种编码，既没有冲突，又被所有平台所支持。

使用Windows的童鞋要特别注意：

千万不要使用Windows自带的记事本编辑任何文本文件。原因是Microsoft开发记事本的团队使用了一个非常弱智的行为来保存UTF-8编码的文件，他们自作聪明地在每个文件开头添加了0xefbbbf（十六进制）的字符，你会遇到很多不可思议的问题，比如，网页第一行可能会显示一个“?”，明明正确的程序一编译就报语法错误，等等，都是由记事本的弱智行为带来的。
建议你下载Notepad++代替记事本，不但功能强大，而且免费！记得把Notepad++的默认编码设置为UTF-8 without BOM即可：

set-utf8-notepad++

言归正传，现在我们编写一个readme.txt文件，内容如下：

Git is a version control system.
Git is free software.

一定要放到learngit目录下（子目录也行），因为这是一个Git仓库，放到其他地方Git再厉害也找不到这个文件。

和把大象放到冰箱需要3步相比，把一个文件放到Git仓库只需要两步。

第一步，用命令git add告诉Git，把文件添加到仓库：

$ git add readme.txt

执行上面的命令，没有任何显示，这就对了，Unix的哲学是“没有消息就是好消息”，说明添加成功。

第二步，用命令git commit告诉Git，把文件提交到仓库：

$ git commit -m "wrote a readme file"
[master (root-commit) cb926e7] wrote a readme file
 1 file changed, 2 insertions(+)
 create mode 100644 readme.txt
简单解释一下git commit命令，-m后面输入的是本次提交的说明，可以输入任意内容，当然最好是有意义的，这样你就能从历史记录里方便地找到改动记录。
嫌麻烦不想输入-m "xxx"行不行？确实有办法可以这么干，但是强烈不建议你这么干，因为输入说明对自己对别人阅读都很重要。实在不想输入说明的童鞋请自行Google，我不告诉你这个参数。
git commit命令执行成功后会告诉你，1个文件被改动（我们新添加的readme.txt文件），插入了两行内容（readme.txt有两行内容）。
为什么Git添加文件需要add，commit一共两步呢？因为commit可以一次提交很多文件，所以你可以多次add不同的文件，比如：
$ git add file1.txt
$ git add file2.txt file3.txt
$ git commit -m "add 3 files."

git status命令可以让我们时刻掌握仓库当前的状态，上面的命令告诉我们，readme.txt被修改过了，但还没有准备提交的修改。
虽然Git告诉我们readme.txt被修改了，但如果能看看具体修改了什么内容，自然是很好的。比如你休假两周从国外回来，第一天上班时，已经记不清上次怎么修改的readme.txt，所以，需要用git diff这个命令看看

git log命令显示从最近到最远的提交日志，如果嫌输出信息太多，看得眼花缭乱的，可以试试加上--pretty=oneline参数；

回退到上一个版本：
首先，Git必须知道当前版本是哪个版本，在Git中，用HEAD表示当前版本，也就是最新的提交3628164...882e1e0（注意我的提交ID和你的肯定不一样），上一个版本就是HEAD^，上上一个版本就是HEAD^^，当然往上100个版本写100个^比较容易数不过来，所以写成HEAD~100。
现在，我们要把当前版本“append GPL”回退到上一个版本“add distributed”，就可以使用git reset命令：
$ git reset --hard HEAD^
HEAD is now at ea34578 add distributed
Git提供了一个命令git reflog用来记录你的每一次命令；

工作区和暂存区：
用git diff HEAD -- readme.txt命令可以查看工作区和版本库里面最新版本的区别

命令git checkout -- readme.txt意思就是，把readme.txt文件在工作区的修改全部撤销，这里有两种情况：
一种是readme.txt自修改后还没有被放到暂存区，现在，撤销修改就回到和版本库一模一样的状态；
一种是readme.txt已经添加到暂存区后，又作了修改，现在，撤销修改就回到添加到暂存区后的状态。
总之，就是让这个文件回到最近一次git commit或git add时的状态。
用命令git reset HEAD file可以把暂存区的修改撤销掉（unstage），重新放回工作区：
$ git reset HEAD readme.txt
Unstaged changes after reset:
M       readme.txt
git reset命令既可以回退版本，也可以把暂存区的修改回退到工作区。当我们用HEAD时，表示最新的版本。

删除文件：
一般情况下，你通常直接在文件管理器中把没用的文件删了，或者用rm命令删了；
$ rm test.txt
这个时候，Git知道你删除了文件，因此，工作区和版本库就不一致了，git status命令会立刻告诉你哪些文件被删除了：
现在你有两个选择，一是确实要从版本库中删除该文件，那就用命令git rm删掉，并且git commit；
$ git rm test.txt
rm 'test.txt'
$ git commit -m "remove test.txt"
[master d17efd8] remove test.txt
 1 file changed, 1 deletion(-)
 delete mode 100644 test.txt
现在，文件就从版本库中被删除了。
另一种情况是删错了，因为版本库里还有呢，所以可以很轻松地把误删的文件恢复到最新版本：
$ git checkout -- test.txt
git checkout其实是用版本库里的版本替换工作区的版本，无论工作区是修改还是删除，都可以“一键还原”。

添加远程库：
git remote add origin https://github.com/Yimhon/studio.git
git push -u origin master
把本地库的内容推送到远程，用git push命令，实际上是把当前分支master推送到远程。
由于远程库是空的，我们第一次推送master分支时，加上了-u参数，Git不但会把本地的master分支内容推送的远程新的master分支，还会把本地的master分支和远程的master分支关联起来，在以后的推送或者拉取时就可以简化命令。
只要本地作了提交，就可以通过命令：
$ git push origin master
把本地master分支的最新修改推送至GitHub
SSH警告
当你第一次使用Git的clone或者push命令连接GitHub时，会得到一个警告：
The authenticity of host 'github.com (xx.xx.xx.xx)' can't be established.
RSA key fingerprint is xx.xx.xx.xx.xx.
Are you sure you want to continue connecting (yes/no)?
这是因为Git使用SSH连接，而SSH连接在第一次验证GitHub服务器的Key时，需要你确认GitHub的Key的指纹信息是否真的来自GitHub的服务器，输入yes回车即可。
Git会输出一个警告，告诉你已经把GitHub的Key添加到本机的一个信任列表里了：
Warning: Permanently added 'github.com' (RSA) to the list of known hosts.
这个警告只会出现一次，后面的操作就不会有任何警告了。
如果你实在担心有人冒充GitHub服务器，输入yes前可以对照GitHub的RSA Key的指纹信息是否与SSH连接给出的一致。

要关联一个远程库，使用命令git remote add origin git@server-name:path/repo-name.git；
关联后，使用命令git push -u origin master第一次推送master分支的所有内容；
此后，每次本地提交后，只要有必要，就可以使用命令git push origin master推送最新修改；

远程库已经准备好了，下一步是用命令git clone克隆一个本地库：
$ git clone git@github.com:michaelliao/gitskills.git
Cloning into 'gitskills'...
remote: Counting objects: 3, done.
remote: Total 3 (delta 0), reused 0 (delta 0)
Receiving objects: 100% (3/3), done.
$ cd gitskills
$ ls
README.md
注意把Git库的地址换成你自己的，然后进入gitskills目录看看，已经有README.md文件了。

创建与合并分支
首先，我们创建dev分支，然后切换到dev分支：
$ git checkout -b dev
Switched to a new branch 'dev'
git checkout命令加上-b参数表示创建并切换，相当于以下两条命令：
$ git branch dev
$ git checkout dev
Switched to branch 'dev'
然后，用git branch命令查看当前分支：
$ git branch
* dev
  master
git branch命令会列出所有分支，当前分支前面会标一个*号。
然后，我们就可以在dev分支上正常提交，比如对readme.txt做个修改，加上一行：
Creating a new branch is quick.
然后提交：
$ git add readme.txt 
$ git commit -m "branch test"
[dev fec145a] branch test
 1 file changed, 1 insertion(+)
现在，dev分支的工作完成，我们就可以切换回master分支：
$ git checkout master
Switched to branch 'master'
切换回master分支后，再查看一个readme.txt文件，刚才添加的内容不见了！因为那个提交是在dev分支上，而master分支此刻的提交点并没有变：
git-br-on-master
现在，我们把dev分支的工作成果合并到master分支上：
$ git merge dev
Updating d17efd8..fec145a
Fast-forward
 readme.txt |    1 +
 1 file changed, 1 insertion(+)
git merge命令用于合并指定分支到当前分支。合并后，再查看readme.txt的内容，就可以看到，和dev分支的最新提交是完全一样的。
注意到上面的Fast-forward信息，Git告诉我们，这次合并是“快进模式”，也就是直接把master指向dev的当前提交，所以合并速度非常快。
当然，也不是每次合并都能Fast-forward，我们后面会讲其他方式的合并。
合并完成后，就可以放心地删除dev分支了：
$ git branch -d dev
Deleted branch dev (was fec145a).
删除后，查看branch，就只剩下master分支了：
$ git branch
* master
因为创建、合并和删除分支非常快，所以Git鼓励你使用分支完成某个任务，合并后再删掉分支，这和直接在master分支上工作效果是一样的，但过程更安全。
创建与合并分支

阅读: 999255


在版本回退里，你已经知道，每次提交，Git都把它们串成一条时间线，这条时间线就是一个分支。截止到目前，只有一条时间线，在Git里，这个分支叫主分支，即master分支。HEAD严格来说不是指向提交，而是指向master，master才是指向提交的，所以，HEAD指向的就是当前分支。

一开始的时候，master分支是一条线，Git用master指向最新的提交，再用HEAD指向master，就能确定当前分支，以及当前分支的提交点：

git-br-initial

每次提交，master分支都会向前移动一步，这样，随着你不断提交，master分支的线也越来越长：

   当我们创建新的分支，例如dev时，Git新建了一个指针叫dev，指向master相同的提交，再把HEAD指向dev，就表示当前分支在dev上：

git-br-create

你看，Git创建一个分支很快，因为除了增加一个dev指针，改改HEAD的指向，工作区的文件都没有任何变化！

不过，从现在开始，对工作区的修改和提交就是针对dev分支了，比如新提交一次后，dev指针往前移动一步，而master指针不变：

git-br-dev-fd

假如我们在dev上的工作完成了，就可以把dev合并到master上。Git怎么合并呢？最简单的方法，就是直接把master指向dev的当前提交，就完成了合并：

git-br-ff-merge

所以Git合并分支也很快！就改改指针，工作区内容也不变！

合并完分支后，甚至可以删除dev分支。删除dev分支就是把dev指针给删掉，删掉后，我们就剩下了一条master分支：

git-br-rm

真是太神奇了，你看得出来有些提交是通过分支完成的吗？

   下面开始实战。

首先，我们创建dev分支，然后切换到dev分支：

$ git checkout -b dev
Switched to a new branch 'dev'

git checkout命令加上-b参数表示创建并切换，相当于以下两条命令：

$ git branch dev
$ git checkout dev
Switched to branch 'dev'

然后，用git branch命令查看当前分支：

$ git branch
* dev
  master

git branch命令会列出所有分支，当前分支前面会标一个*号。

然后，我们就可以在dev分支上正常提交，比如对readme.txt做个修改，加上一行：

Creating a new branch is quick.

然后提交：

$ git add readme.txt 
$ git commit -m "branch test"
[dev fec145a] branch test
 1 file changed, 1 insertion(+)

现在，dev分支的工作完成，我们就可以切换回master分支：

$ git checkout master
Switched to branch 'master'

切换回master分支后，再查看一个readme.txt文件，刚才添加的内容不见了！因为那个提交是在dev分支上，而master分支此刻的提交点并没有变：

git-br-on-master

现在，我们把dev分支的工作成果合并到master分支上：

$ git merge dev
Updating d17efd8..fec145a
Fast-forward
 readme.txt |    1 +
 1 file changed, 1 insertion(+)

git merge命令用于合并指定分支到当前分支。合并后，再查看readme.txt的内容，就可以看到，和dev分支的最新提交是完全一样的。

注意到上面的Fast-forward信息，Git告诉我们，这次合并是“快进模式”，也就是直接把master指向dev的当前提交，所以合并速度非常快。

当然，也不是每次合并都能Fast-forward，我们后面会讲其他方式的合并。

合并完成后，就可以放心地删除dev分支了：

$ git branch -d dev
Deleted branch dev (was fec145a).

删除后，查看branch，就只剩下master分支了：

$ git branch
* master

因为创建、合并和删除分支非常快，所以Git鼓励你使用分支完成某个任务，合并后再删掉分支，这和直接在master分支上工作效果是一样的，但过程更安全。

   
小结
Git鼓励大量使用分支：
查看分支：git branch
创建分支：git branch <name>
切换分支：git checkout <name>
创建+切换分支：git checkout -b <name>
合并某分支到当前分支：git merge <name>
删除分支：git branch -d <name>

解决冲突
准备新的feature1分支，继续我们的新分支开发：
$ git checkout -b feature1
Switched to a new branch 'feature1'
修改readme.txt最后一行，改为：
Creating a new branch is quick AND simple.
在feature1分支上提交：
$ git add readme.txt 
$ git commit -m "AND simple"
[feature1 75a857c] AND simple
 1 file changed, 1 insertion(+), 1 deletion(-)
切换到master分支：
$ git checkout master
Switched to branch 'master'
Your branch is ahead of 'origin/master' by 1 commit.
Git还会自动提示我们当前master分支比远程的master分支要超前1个提交。
在master分支上把readme.txt文件的最后一行改为：
Creating a new branch is quick & simple.
提交：
$ git add readme.txt 
$ git commit -m "& simple"
[master 400b400] & simple
 1 file changed, 1 insertion(+), 1 deletion(-)
现在，master分支和feature1分支各自都分别有新的提交，变成了这样：
git-br-feature1
这种情况下，Git无法执行“快速合并”，只能试图把各自的修改合并起来，但这种合并就可能会有冲突，我们试试看：
$ git merge feature1
Auto-merging readme.txt
CONFLICT (content): Merge conflict in readme.txt
Automatic merge failed; fix conflicts and then commit the result.
果然冲突了！Git告诉我们，readme.txt文件存在冲突，必须手动解决冲突后再提交。git status也可以告诉我们冲突的文件：
$ git status
# On branch master
# Your branch is ahead of 'origin/master' by 2 commits.
#
# Unmerged paths:
#   (use "git add/rm <file>..." as appropriate to mark resolution)
#
#       both modified:      readme.txt
#
no changes added to commit (use "git add" and/or "git commit -a")
我们可以直接查看readme.txt的内容：
Git is a distributed version control system.
Git is free software distributed under the GPL.
Git has a mutable index called stage.
Git tracks changes of files.
<<<<<<< HEAD
Creating a new branch is quick & simple.
=======
Creating a new branch is quick AND simple.
>>>>>>> feature1
Git用<<<<<<<，=======，>>>>>>>标记出不同分支的内容，我们修改如下后保存：
Creating a new branch is quick and simple.
再提交：
$ git add readme.txt 
$ git commit -m "conflict fixed"
[master 59bc1cb] conflict fixed
现在，master分支和feature1分支变成了下图所示：
git-br-conflict-merged
用带参数的git log也可以看到分支的合并情况：
$ git log --graph --pretty=oneline --abbrev-commit
*   59bc1cb conflict fixed
|\
| * 75a857c AND simple
* | 400b400 & simple
|/
* fec145a branch test
...
最后，删除feature1分支：
$ git branch -d feature1
Deleted branch feature1 (was 75a857c).
工作完成。
用git log --graph命令可以看到分支合并图。



